// Jest Snapshot v1, https://goo.gl/fbAQLP

exports[`renders without crashing 1`] = `
<BrowserRouter>
  <div
    className="App"
  >
    <Connect(HeaderContainer) />
    <div
      className="App-main"
    >
      <Routes />
    </div>
  </div>
</BrowserRouter>
`;
